// Jest Snapshot v1, https://goo.gl/fbAQLP

exports[`execa-webpack-plugin should throw error invalid 'onFooBar' option (no hooks) 1`] = `[Error: The hook "fooBar" not found]`;

exports[`execa-webpack-plugin should throw error on 'infrastructureLog' hook 1`] = `[Error: Do not use "infrastructureLog" hook]`;

exports[`execa-webpack-plugin should throw error on 'on*' options are empty (no events) 1`] = `[TypeError: No known hooks found]`;

exports[`execa-webpack-plugin should throw error with 'bail: true' option (async hook) 1`] = `[Error: Command failed with ENOENT: not-found]`;

exports[`execa-webpack-plugin should throw error with 'bail: true' option (sync hook) 1`] = `[Error: Command failed with ENOENT: not-found]`;

exports[`execa-webpack-plugin should work with options (async hook): errors 1`] = `Array []`;

exports[`execa-webpack-plugin should work with options (async hook): logs 1`] = `
Array [
  Array [
    "ExecaPlugin",
    "log",
    Array [
      "Running the \\"done\\" hook",
    ],
  ],
  Array [
    "ExecaPlugin",
    "log",
    Array [
      "Run command \\"del --help\\"",
    ],
  ],
  Array [
    "ExecaPlugin",
    "log",
    Array [
      "The output of the process on stdout: 
  Delete files and directories - Cross-platform",
    ],
  ],
  Array [
    "ExecaPlugin",
    "log",
    Array [
      "The \\"done\\" hook completed",
    ],
  ],
]
`;

exports[`execa-webpack-plugin should work with options (async hook): warnings 1`] = `Array []`;
