// Jest Snapshot v1, https://goo.gl/fbAQLP

exports[`execa-webpack-plugin should throw error invalid 'onFooBar' option (no hooks) 1`] = `[Error: The hook "fooBar" not found]`;

exports[`execa-webpack-plugin should throw error on 'infrastructureLog' hook 1`] = `[Error: Do not use "infrastructureLog" hook]`;

exports[`execa-webpack-plugin should throw error on 'on*' options are empty (no events) 1`] = `[TypeError: No known hooks found]`;

exports[`execa-webpack-plugin should throw error with 'bail: true' option (sync hook): logs 1`] = `
Array [
  Array [
    "ExecaPlugin",
    "log",
    Array [
      "Running the \\"done\\" hook",
    ],
  ],
  Array [
    "ExecaPlugin",
    "log",
    Array [
      "Run command \\"not-found\\"",
    ],
  ],
  Array [
    "ExecaPlugin",
    "error",
    Array [
      "Error: Command \\"not-found\\" return \\"ENOENT\\"",
    ],
  ],
  Array [
    "ExecaPlugin",
    "log",
    Array [
      "The \\"done\\" hook completed",
    ],
  ],
]
`;
